Archive member included to satisfy reference by file (symbol)

c:/program files/microchip/xc8/v2.31/avr/bin/../lib/gcc/avr/5.4.0/avr6/memx-const\libgcc.a(_exit.o)
                              C:/Program Files (x86)/Atmel/Studio/7.0/Packs/atmel/ATmega_DFP/1.6.364/xc8/avr/lib/avr6/memx-const/crtatmega2561.o (exit)
c:/program files/microchip/xc8/v2.31/avr/bin/../lib/gcc/avr/5.4.0/avr6/memx-const\libgcc.a(_movmemx.o)
                              main.o (__movmemx_qi)
c:/program files/microchip/xc8/v2.31/avr/bin/../lib/gcc/avr/5.4.0/../../../../avr/lib/avr6/memx-const\libc.a(memcpy_M.o)
                              main.o (memcpy)
c:/program files/microchip/xc8/v2.31/avr/bin/../lib/gcc/avr/5.4.0/../../../../avr/lib/avr6/memx-const\libc.a(strlen_M.o)
                              main.o (strlen)
c:/program files/microchip/xc8/v2.31/avr/bin/../lib/gcc/avr/5.4.0/../../../../avr/lib/avr6/memx-const\libc.a(strrev.o)
                              main.o (strrev)
c:/program files/microchip/xc8/v2.31/avr/bin/../lib/gcc/avr/5.4.0/avr6/memx-const\libgcc.a(_xload_1.o)
                              c:/program files/microchip/xc8/v2.31/avr/bin/../lib/gcc/avr/5.4.0/../../../../avr/lib/avr6/memx-const\libc.a(memcpy_M.o) (__xload_1)

Discarded input sections

 .data          0x0000000000000000        0x0 C:/Program Files (x86)/Atmel/Studio/7.0/Packs/atmel/ATmega_DFP/1.6.364/xc8/avr/lib/avr6/memx-const/crtatmega2561.o
 .bss           0x0000000000000000        0x0 C:/Program Files (x86)/Atmel/Studio/7.0/Packs/atmel/ATmega_DFP/1.6.364/xc8/avr/lib/avr6/memx-const/crtatmega2561.o
 .text          0x0000000000000000        0x0 main.o
 .data          0x0000000000000000        0x0 main.o
 .bss           0x0000000000000000        0x0 main.o
 .text          0x0000000000000000        0x0 c:/program files/microchip/xc8/v2.31/avr/bin/../lib/gcc/avr/5.4.0/avr6/memx-const\libgcc.a(_exit.o)
 .data          0x0000000000000000        0x0 c:/program files/microchip/xc8/v2.31/avr/bin/../lib/gcc/avr/5.4.0/avr6/memx-const\libgcc.a(_exit.o)
 .bss           0x0000000000000000        0x0 c:/program files/microchip/xc8/v2.31/avr/bin/../lib/gcc/avr/5.4.0/avr6/memx-const\libgcc.a(_exit.o)
 .text.libgcc.mul
                0x0000000000000000        0x0 c:/program files/microchip/xc8/v2.31/avr/bin/../lib/gcc/avr/5.4.0/avr6/memx-const\libgcc.a(_exit.o)
 .text.libgcc.div
                0x0000000000000000        0x0 c:/program files/microchip/xc8/v2.31/avr/bin/../lib/gcc/avr/5.4.0/avr6/memx-const\libgcc.a(_exit.o)
 .text.libgcc   0x0000000000000000        0x0 c:/program files/microchip/xc8/v2.31/avr/bin/../lib/gcc/avr/5.4.0/avr6/memx-const\libgcc.a(_exit.o)
 .text.libgcc.prologue
                0x0000000000000000        0x0 c:/program files/microchip/xc8/v2.31/avr/bin/../lib/gcc/avr/5.4.0/avr6/memx-const\libgcc.a(_exit.o)
 .text.libgcc.builtins
                0x0000000000000000        0x0 c:/program files/microchip/xc8/v2.31/avr/bin/../lib/gcc/avr/5.4.0/avr6/memx-const\libgcc.a(_exit.o)
 .text.libgcc.fmul
                0x0000000000000000        0x0 c:/program files/microchip/xc8/v2.31/avr/bin/../lib/gcc/avr/5.4.0/avr6/memx-const\libgcc.a(_exit.o)
 .text.libgcc.fixed
                0x0000000000000000        0x0 c:/program files/microchip/xc8/v2.31/avr/bin/../lib/gcc/avr/5.4.0/avr6/memx-const\libgcc.a(_exit.o)
 .text          0x0000000000000000        0x0 c:/program files/microchip/xc8/v2.31/avr/bin/../lib/gcc/avr/5.4.0/avr6/memx-const\libgcc.a(_movmemx.o)
 .data          0x0000000000000000        0x0 c:/program files/microchip/xc8/v2.31/avr/bin/../lib/gcc/avr/5.4.0/avr6/memx-const\libgcc.a(_movmemx.o)
 .bss           0x0000000000000000        0x0 c:/program files/microchip/xc8/v2.31/avr/bin/../lib/gcc/avr/5.4.0/avr6/memx-const\libgcc.a(_movmemx.o)
 .text.libgcc.mul
                0x0000000000000000        0x0 c:/program files/microchip/xc8/v2.31/avr/bin/../lib/gcc/avr/5.4.0/avr6/memx-const\libgcc.a(_movmemx.o)
 .text.libgcc.div
                0x0000000000000000        0x0 c:/program files/microchip/xc8/v2.31/avr/bin/../lib/gcc/avr/5.4.0/avr6/memx-const\libgcc.a(_movmemx.o)
 .text.libgcc.prologue
                0x0000000000000000        0x0 c:/program files/microchip/xc8/v2.31/avr/bin/../lib/gcc/avr/5.4.0/avr6/memx-const\libgcc.a(_movmemx.o)
 .text.libgcc.builtins
                0x0000000000000000        0x0 c:/program files/microchip/xc8/v2.31/avr/bin/../lib/gcc/avr/5.4.0/avr6/memx-const\libgcc.a(_movmemx.o)
 .text.libgcc.fmul
                0x0000000000000000        0x0 c:/program files/microchip/xc8/v2.31/avr/bin/../lib/gcc/avr/5.4.0/avr6/memx-const\libgcc.a(_movmemx.o)
 .text.libgcc.fixed
                0x0000000000000000        0x0 c:/program files/microchip/xc8/v2.31/avr/bin/../lib/gcc/avr/5.4.0/avr6/memx-const\libgcc.a(_movmemx.o)
 .text          0x0000000000000000        0x0 c:/program files/microchip/xc8/v2.31/avr/bin/../lib/gcc/avr/5.4.0/../../../../avr/lib/avr6/memx-const\libc.a(memcpy_M.o)
 .data          0x0000000000000000        0x0 c:/program files/microchip/xc8/v2.31/avr/bin/../lib/gcc/avr/5.4.0/../../../../avr/lib/avr6/memx-const\libc.a(memcpy_M.o)
 .bss           0x0000000000000000        0x0 c:/program files/microchip/xc8/v2.31/avr/bin/../lib/gcc/avr/5.4.0/../../../../avr/lib/avr6/memx-const\libc.a(memcpy_M.o)
 .text          0x0000000000000000        0x0 c:/program files/microchip/xc8/v2.31/avr/bin/../lib/gcc/avr/5.4.0/../../../../avr/lib/avr6/memx-const\libc.a(strlen_M.o)
 .data          0x0000000000000000        0x0 c:/program files/microchip/xc8/v2.31/avr/bin/../lib/gcc/avr/5.4.0/../../../../avr/lib/avr6/memx-const\libc.a(strlen_M.o)
 .bss           0x0000000000000000        0x0 c:/program files/microchip/xc8/v2.31/avr/bin/../lib/gcc/avr/5.4.0/../../../../avr/lib/avr6/memx-const\libc.a(strlen_M.o)
 .text          0x0000000000000000        0x0 c:/program files/microchip/xc8/v2.31/avr/bin/../lib/gcc/avr/5.4.0/../../../../avr/lib/avr6/memx-const\libc.a(strrev.o)
 .data          0x0000000000000000        0x0 c:/program files/microchip/xc8/v2.31/avr/bin/../lib/gcc/avr/5.4.0/../../../../avr/lib/avr6/memx-const\libc.a(strrev.o)
 .bss           0x0000000000000000        0x0 c:/program files/microchip/xc8/v2.31/avr/bin/../lib/gcc/avr/5.4.0/../../../../avr/lib/avr6/memx-const\libc.a(strrev.o)
 .text          0x0000000000000000        0x0 c:/program files/microchip/xc8/v2.31/avr/bin/../lib/gcc/avr/5.4.0/avr6/memx-const\libgcc.a(_xload_1.o)
 .data          0x0000000000000000        0x0 c:/program files/microchip/xc8/v2.31/avr/bin/../lib/gcc/avr/5.4.0/avr6/memx-const\libgcc.a(_xload_1.o)
 .bss           0x0000000000000000        0x0 c:/program files/microchip/xc8/v2.31/avr/bin/../lib/gcc/avr/5.4.0/avr6/memx-const\libgcc.a(_xload_1.o)
 .text.libgcc.mul
                0x0000000000000000        0x0 c:/program files/microchip/xc8/v2.31/avr/bin/../lib/gcc/avr/5.4.0/avr6/memx-const\libgcc.a(_xload_1.o)
 .text.libgcc.div
                0x0000000000000000        0x0 c:/program files/microchip/xc8/v2.31/avr/bin/../lib/gcc/avr/5.4.0/avr6/memx-const\libgcc.a(_xload_1.o)
 .text.libgcc.prologue
                0x0000000000000000        0x0 c:/program files/microchip/xc8/v2.31/avr/bin/../lib/gcc/avr/5.4.0/avr6/memx-const\libgcc.a(_xload_1.o)
 .text.libgcc.builtins
                0x0000000000000000        0x0 c:/program files/microchip/xc8/v2.31/avr/bin/../lib/gcc/avr/5.4.0/avr6/memx-const\libgcc.a(_xload_1.o)
 .text.libgcc.fmul
                0x0000000000000000        0x0 c:/program files/microchip/xc8/v2.31/avr/bin/../lib/gcc/avr/5.4.0/avr6/memx-const\libgcc.a(_xload_1.o)
 .text.libgcc.fixed
                0x0000000000000000        0x0 c:/program files/microchip/xc8/v2.31/avr/bin/../lib/gcc/avr/5.4.0/avr6/memx-const\libgcc.a(_xload_1.o)

Memory Configuration

Name             Origin             Length             Attributes
text             0x0000000000000000 0x0000000000040000 xr
data             0x0000000000800200 0x0000000000002000 rw !x
eeprom           0x0000000000810000 0x0000000000001000 rw !x
fuse             0x0000000000820000 0x0000000000000003 rw !x
lock             0x0000000000830000 0x0000000000000400 rw !x
signature        0x0000000000840000 0x0000000000000400 rw !x
user_signatures  0x0000000000850000 0x0000000000000400 rw !x
*default*        0x0000000000000000 0xffffffffffffffff

Linker script and memory map

Address of section .data set to 0x800200
LOAD C:/Program Files (x86)/Atmel/Studio/7.0/Packs/atmel/ATmega_DFP/1.6.364/xc8/avr/lib/avr6/memx-const/crtatmega2561.o
LOAD main.o
START GROUP
LOAD c:/program files/microchip/xc8/v2.31/avr/bin/../lib/gcc/avr/5.4.0/../../../../avr/lib/avr6/memx-const\libm.a
END GROUP
START GROUP
LOAD c:/program files/microchip/xc8/v2.31/avr/bin/../lib/gcc/avr/5.4.0/avr6/memx-const\libgcc.a
LOAD c:/program files/microchip/xc8/v2.31/avr/bin/../lib/gcc/avr/5.4.0/../../../../avr/lib/avr6/memx-const\libm.a
LOAD c:/program files/microchip/xc8/v2.31/avr/bin/../lib/gcc/avr/5.4.0/../../../../avr/lib/avr6/memx-const\libc.a
LOAD C:/Program Files (x86)/Atmel/Studio/7.0/Packs/atmel/ATmega_DFP/1.6.364/xc8/avr/lib/avr6/memx-const\libatmega2561.a
END GROUP
                0x0000000000000000                __TEXT_REGION_ORIGIN__ = DEFINED (__TEXT_REGION_ORIGIN__)?__TEXT_REGION_ORIGIN__:0x0
                [0x0000000000800200]                __DATA_REGION_ORIGIN__ = DEFINED (__DATA_REGION_ORIGIN__)?__DATA_REGION_ORIGIN__:0x800200
                [0x0000000000040000]                __TEXT_REGION_LENGTH__ = DEFINED (__TEXT_REGION_LENGTH__)?__TEXT_REGION_LENGTH__:0x100000
                [0x0000000000002000]                __DATA_REGION_LENGTH__ = DEFINED (__DATA_REGION_LENGTH__)?__DATA_REGION_LENGTH__:0xfe00
                [0x0000000000001000]                __EEPROM_REGION_LENGTH__ = DEFINED (__EEPROM_REGION_LENGTH__)?__EEPROM_REGION_LENGTH__:0x10000
                [0x0000000000000003]                __FUSE_REGION_LENGTH__ = DEFINED (__FUSE_REGION_LENGTH__)?__FUSE_REGION_LENGTH__:0x400
                0x0000000000000400                __LOCK_REGION_LENGTH__ = DEFINED (__LOCK_REGION_LENGTH__)?__LOCK_REGION_LENGTH__:0x400
                0x0000000000000400                __SIGNATURE_REGION_LENGTH__ = DEFINED (__SIGNATURE_REGION_LENGTH__)?__SIGNATURE_REGION_LENGTH__:0x400
                0x0000000000000400                __USER_SIGNATURE_REGION_LENGTH__ = DEFINED (__USER_SIGNATURE_REGION_LENGTH__)?__USER_SIGNATURE_REGION_LENGTH__:0x400

.hash
 *(.hash)

.dynsym
 *(.dynsym)

.dynstr
 *(.dynstr)

.gnu.version
 *(.gnu.version)

.gnu.version_d
 *(.gnu.version_d)

.gnu.version_r
 *(.gnu.version_r)

.rel.init
 *(.rel.init)

.rela.init
 *(.rela.init)

.rel.text
 *(.rel.text)
 *(.rel.text.*)
 *(.rel.gnu.linkonce.t*)

.rela.text
 *(.rela.text)
 *(.rela.text.*)
 *(.rela.gnu.linkonce.t*)

.rel.fini
 *(.rel.fini)

.rela.fini
 *(.rela.fini)

.rel.rodata
 *(.rel.rodata)
 *(.rel.rodata.*)
 *(.rel.gnu.linkonce.r*)

.rela.rodata
 *(.rela.rodata)
 *(.rela.rodata.*)
 *(.rela.gnu.linkonce.r*)

.rel.data
 *(.rel.data)
 *(.rel.data.*)
 *(.rel.gnu.linkonce.d*)

.rela.data
 *(.rela.data)
 *(.rela.data.*)
 *(.rela.gnu.linkonce.d*)

.rel.ctors
 *(.rel.ctors)

.rela.ctors
 *(.rela.ctors)

.rel.dtors
 *(.rel.dtors)

.rela.dtors
 *(.rela.dtors)

.rel.got
 *(.rel.got)

.rela.got
 *(.rela.got)

.rel.bss
 *(.rel.bss)

.rela.bss
 *(.rela.bss)

.rel.plt
 *(.rel.plt)

.rela.plt
 *(.rela.plt)

.text           0x0000000000000000       0xe8
 *(.vectors)
 .vectors       0x0000000000000000       0xcc C:/Program Files (x86)/Atmel/Studio/7.0/Packs/atmel/ATmega_DFP/1.6.364/xc8/avr/lib/avr6/memx-const/crtatmega2561.o
                0x0000000000000000                __vector_default
                0x0000000000000000                __vectors
 *(.vectors)
 *(.progmem.gcc*)
 *(.dinit)
 .dinit         0x00000000000000cc        0x0 data_init
                0x00000000000000cc                . = ALIGN (0x2)
                0x00000000000000cc                __trampolines_start = .
 *(.trampolines)
 .trampolines   0x00000000000000cc        0x0 linker stubs
 *(.trampolines*)
                0x00000000000000cc                __trampolines_end = .
 *libprintf_flt.a:*(.progmem.data)
 *libc.a:*(.progmem.data)
                0x00000000000000cc                . = ALIGN (0x2)
 *(.jumptables)
 *(.jumptables*)
 *(.lowtext)
 *(.lowtext*)
                0x00000000000000cc                __ctors_start = .
 *(.ctors)
                0x00000000000000cc                __ctors_end = .
                0x00000000000000cc                __dtors_start = .
 *(.dtors)
                0x00000000000000cc                __dtors_end = .
 SORT(*)(.ctors)
 SORT(*)(.dtors)
 *(.init0)
 .init0         0x00000000000000cc        0x0 C:/Program Files (x86)/Atmel/Studio/7.0/Packs/atmel/ATmega_DFP/1.6.364/xc8/avr/lib/avr6/memx-const/crtatmega2561.o
                0x00000000000000cc                __init
 *(.init0)
 *(.init1)
 *(.init1)
 *(.init2)
 .init2         0x00000000000000cc       0x10 C:/Program Files (x86)/Atmel/Studio/7.0/Packs/atmel/ATmega_DFP/1.6.364/xc8/avr/lib/avr6/memx-const/crtatmega2561.o
 *(.init2)
 *(.init3)
 *(.init3)
 *(.init4)
 *(.init4)
 *(.init5)
 *(.init5)
 *(.init6)
 *(.init6)
 *(.init7)
 *(.init7)
 *(.init8)
 *(.init8)
 *(.init9)
 .init9         0x00000000000000dc        0x8 C:/Program Files (x86)/Atmel/Studio/7.0/Packs/atmel/ATmega_DFP/1.6.364/xc8/avr/lib/avr6/memx-const/crtatmega2561.o
 *(.init9)
                0x00000000000000e4                . = ALIGN (0x2)
 *(.fini9)
 .fini9         0x00000000000000e4        0x0 c:/program files/microchip/xc8/v2.31/avr/bin/../lib/gcc/avr/5.4.0/avr6/memx-const\libgcc.a(_exit.o)
                0x00000000000000e4                _exit
                0x00000000000000e4                exit
 *(.fini9)
 *(.fini8)
 *(.fini8)
 *(.fini7)
 *(.fini7)
 *(.fini6)
 *(.fini6)
 *(.fini5)
 *(.fini5)
 *(.fini4)
 *(.fini4)
 *(.fini3)
 *(.fini3)
 *(.fini2)
 *(.fini2)
 *(.fini1)
 *(.fini1)
 *(.fini0)
 .fini0         0x00000000000000e4        0x4 c:/program files/microchip/xc8/v2.31/avr/bin/../lib/gcc/avr/5.4.0/avr6/memx-const\libgcc.a(_exit.o)
 *(.fini0)
                0x00000000000000e8                _etext = .

.data           0x0000000000800200        0x0 load address 0x00000000000000e8
                [!provide]                        PROVIDE (__data_start, .)
 *(.gnu.linkonce.d*)
 *(.gnu.linkonce.r*)
                0x0000000000800200                . = ALIGN (0x2)
                0x0000000000800200                _edata = .
                [!provide]                        PROVIDE (__data_end, .)

.bss            0x0000000000800200        0x0
                [!provide]                        PROVIDE (__bss_start, .)
 *(COMMON)
                [!provide]                        PROVIDE (__bss_end, .)
                0x00000000000000e8                __data_load_start = LOADADDR (.data)
                0x00000000000000e8                __data_load_end = (__data_load_start + SIZEOF (.data))

.noinit         0x0000000000800200        0x0
                [!provide]                        PROVIDE (__noinit_start, .)
 *(.noinit*)
                [!provide]                        PROVIDE (__noinit_end, .)
                0x0000000000800200                _end = .

.eeprom         0x0000000000810000        0x0
 *(.eeprom*)
                0x0000000000810000                __eeprom_end = .

.fuse
 *(.fuse)
 *(.lfuse)
 *(.hfuse)
 *(.efuse)

.lock
 *(.lock*)

.signature
 *(.signature*)

.user_signatures
 *(.user_signatures*)

.stab
 *(.stab)

.stabstr
 *(.stabstr)

.stab.excl
 *(.stab.excl)

.stab.exclstr
 *(.stab.exclstr)

.stab.index
 *(.stab.index)

.stab.indexstr
 *(.stab.indexstr)

.comment        0x0000000000000000       0x5b
 *(.comment)
 .comment       0x0000000000000000       0x2f main.o
                                         0x30 (size before relaxing)
 .comment       0x000000000000002f       0x2c c:/program files/microchip/xc8/v2.31/avr/bin/../lib/gcc/avr/5.4.0/../../../../avr/lib/avr6/memx-const\libc.a(memcpy_M.o)
                                         0x2d (size before relaxing)
 .comment       0x000000000000005b       0x2d c:/program files/microchip/xc8/v2.31/avr/bin/../lib/gcc/avr/5.4.0/../../../../avr/lib/avr6/memx-const\libc.a(strlen_M.o)

.note.gnu.build-id
 *(.note.gnu.build-id)

.debug
 *(.debug)

.line
 *(.line)

.debug_srcinfo
 *(.debug_srcinfo)

.debug_sfnames
 *(.debug_sfnames)

.debug_aranges  0x0000000000000000       0x30
 *(.debug_aranges)
 .debug_aranges
                0x0000000000000000       0x30 main.o

.debug_pubnames
 *(.debug_pubnames)

.debug_info     0x0000000000000000      0xfeb
 *(.debug_info .gnu.linkonce.wi.*)
 .debug_info    0x0000000000000000      0xa1a C:/Program Files (x86)/Atmel/Studio/7.0/Packs/atmel/ATmega_DFP/1.6.364/xc8/avr/lib/avr6/memx-const/crtatmega2561.o
 .debug_info    0x0000000000000a1a      0x5d1 main.o

.debug_abbrev   0x0000000000000000      0xae7
 *(.debug_abbrev)
 .debug_abbrev  0x0000000000000000      0x98e C:/Program Files (x86)/Atmel/Studio/7.0/Packs/atmel/ATmega_DFP/1.6.364/xc8/avr/lib/avr6/memx-const/crtatmega2561.o
 .debug_abbrev  0x000000000000098e      0x159 main.o

.debug_line     0x0000000000000000      0x41c
 *(.debug_line .debug_line.* .debug_line_end)
 .debug_line    0x0000000000000000      0x1d9 C:/Program Files (x86)/Atmel/Studio/7.0/Packs/atmel/ATmega_DFP/1.6.364/xc8/avr/lib/avr6/memx-const/crtatmega2561.o
 .debug_line    0x00000000000001d9      0x243 main.o

.debug_frame    0x0000000000000000       0x54
 *(.debug_frame)
 .debug_frame   0x0000000000000000       0x54 main.o

.debug_str      0x0000000000000000      0x366
 *(.debug_str)
 .debug_str     0x0000000000000000      0x366 C:/Program Files (x86)/Atmel/Studio/7.0/Packs/atmel/ATmega_DFP/1.6.364/xc8/avr/lib/avr6/memx-const/crtatmega2561.o
 .debug_str     0x0000000000000366        0x0 main.o

.debug_loc      0x0000000000000000      0x298
 *(.debug_loc)
 .debug_loc     0x0000000000000000      0x298 main.o

.debug_macinfo
 *(.debug_macinfo)

.debug_weaknames
 *(.debug_weaknames)

.debug_funcnames
 *(.debug_funcnames)

.debug_typenames
 *(.debug_typenames)

.debug_varnames
 *(.debug_varnames)

.debug_pubtypes
 *(.debug_pubtypes)

.debug_ranges   0x0000000000000000       0x20
 *(.debug_ranges)
 .debug_ranges  0x0000000000000000       0x20 main.o

.debug_macro
 *(.debug_macro)
OUTPUT(Lab7.elf elf32-avr)
LOAD linker stubs
LOAD data_init

.note.gnu.avr.deviceinfo
                0x0000000000000000       0x40
 .note.gnu.avr.deviceinfo
                0x0000000000000000       0x40 C:/Program Files (x86)/Atmel/Studio/7.0/Packs/atmel/ATmega_DFP/1.6.364/xc8/avr/lib/avr6/memx-const/crtatmega2561.o

.progmemx.data  0x00000000000000e8        0xf
 .progmemx.data
                0x00000000000000e8        0xf main.o

.text.main      0x00000000000000f8      0x144
 .text.main     0x00000000000000f8      0x144 main.o
                0x00000000000000f8                main

.text.blink_leds_corrrect
                0x000000000000023c       0x3a
 .text.blink_leds_corrrect
                0x000000000000023c       0x3a main.o
                0x000000000000023c                blink_leds_corrrect

.text.blink_leds_wrong
                0x0000000000000276       0x3a
 .text.blink_leds_wrong
                0x0000000000000276       0x3a main.o
                0x0000000000000276                blink_leds_wrong

.text.avrlibc   0x00000000000002b0       0x32
 .text.avrlibc  0x00000000000002b0       0x32 c:/program files/microchip/xc8/v2.31/avr/bin/../lib/gcc/avr/5.4.0/../../../../avr/lib/avr6/memx-const\libc.a(memcpy_M.o)
                0x00000000000002b0                memcpy

.text.avrlibc   0x00000000000002e2       0x24
 .text.avrlibc  0x00000000000002e2       0x24 c:/program files/microchip/xc8/v2.31/avr/bin/../lib/gcc/avr/5.4.0/../../../../avr/lib/avr6/memx-const\libc.a(strlen_M.o)
                0x00000000000002e2                strlen

.text.avrlibc   0x0000000000000306       0x20
 .text.avrlibc  0x0000000000000306       0x20 c:/program files/microchip/xc8/v2.31/avr/bin/../lib/gcc/avr/5.4.0/../../../../avr/lib/avr6/memx-const\libc.a(strrev.o)
                0x0000000000000306                strrev

.text.libgcc    0x0000000000000326       0x1c
 .text.libgcc   0x0000000000000326       0x1c c:/program files/microchip/xc8/v2.31/avr/bin/../lib/gcc/avr/5.4.0/avr6/memx-const\libgcc.a(_movmemx.o)
                0x0000000000000326                __movmemx_qi
                0x0000000000000328                __movmemx_hi

.text.libgcc    0x0000000000000342        0xe
 .text.libgcc   0x0000000000000342        0xe c:/program files/microchip/xc8/v2.31/avr/bin/../lib/gcc/avr/5.4.0/avr6/memx-const\libgcc.a(_xload_1.o)
                0x0000000000000342                __xload_1

.text           0x0000000000000350        0x4
 .text          0x0000000000000350        0x4 C:/Program Files (x86)/Atmel/Studio/7.0/Packs/atmel/ATmega_DFP/1.6.364/xc8/avr/lib/avr6/memx-const/crtatmega2561.o
                0x0000000000000350                __vector_38
                0x0000000000000350                __vector_22
                0x0000000000000350                __vector_28
                0x0000000000000350                __vector_1
                0x0000000000000350                __vector_32
                0x0000000000000350                __vector_34
                0x0000000000000350                __vector_24
                0x0000000000000350                __vector_12
                0x0000000000000350                __vector_46
                0x0000000000000350                __bad_interrupt
                0x0000000000000350                __vector_6
                0x0000000000000350                __vector_31
                0x0000000000000350                __vector_35
                0x0000000000000350                __vector_39
                0x0000000000000350                __vector_3
                0x0000000000000350                __vector_23
                0x0000000000000350                __vector_30
                0x0000000000000350                __vector_45
                0x0000000000000350                __vector_25
                0x0000000000000350                __vector_11
                0x0000000000000350                __vector_13
                0x0000000000000350                __vector_17
                0x0000000000000350                __vector_19
                0x0000000000000350                __vector_7
                0x0000000000000350                __vector_49
                0x0000000000000350                __vector_41
                0x0000000000000350                __vector_43
                0x0000000000000350                __vector_27
                0x0000000000000350                __vector_5
                0x0000000000000350                __vector_33
                0x0000000000000350                __vector_47
                0x0000000000000350                __vector_37
                0x0000000000000350                __vector_4
                0x0000000000000350                __vector_44
                0x0000000000000350                __vector_9
                0x0000000000000350                __vector_2
                0x0000000000000350                __vector_21
                0x0000000000000350                __vector_15
                0x0000000000000350                __vector_36
                0x0000000000000350                __vector_29
                0x0000000000000350                __vector_40
                0x0000000000000350                __vector_8
                0x0000000000000350                __vector_26
                0x0000000000000350                __vector_48
                0x0000000000000350                __vector_14
                0x0000000000000350                __vector_10
                0x0000000000000350                __vector_50
                0x0000000000000350                __vector_16
                0x0000000000000350                __vector_18
                0x0000000000000350                __vector_20
                0x0000000000000350                __vector_42
